2025-09-05 07:28:29,206 - demo - INFO - Starting Reactive Companion Demo (duration: 15s)
2025-09-05 07:28:29,206 - demo - INFO - Mock Awareness Node started
2025-09-05 07:28:29,206 - demo - INFO - Demo Text UI started
2025-09-05 07:28:34,206 - demo - INFO - Simulating audio trigger: 'Hello, how are you today?'
2025-09-05 07:28:44,206 - demo - INFO - Stopping demo components...
2025-09-05 07:28:44,207 - demo - INFO - Mock Awareness Node stopped
2025-09-05 07:28:44,207 - demo - INFO - Demo Text UI stopped
2025-09-05 07:29:38,046 - demo - INFO - Starting Reactive Companion Demo (duration: 15s)
2025-09-05 07:29:38,047 - demo - INFO - Mock Awareness Node started
2025-09-05 07:29:38,047 - demo - INFO - Demo Text UI started
2025-09-05 07:29:43,047 - demo - INFO - Simulating audio trigger: 'Hello, how are you today?'
2025-09-05 07:29:53,047 - demo - INFO - Stopping demo components...
2025-09-05 07:29:53,047 - demo - INFO - Mock Awareness Node stopped
2025-09-05 07:29:53,047 - demo - INFO - Demo Text UI stopped
2025-09-05 07:30:59,809 - demo - INFO - Starting Reactive Companion Demo (duration: 30s)
2025-09-05 07:30:59,809 - demo - INFO - Mock Awareness Node started
2025-09-05 07:30:59,809 - demo - INFO - Demo Text UI started
2025-09-05 07:31:04,809 - demo - INFO - Simulating audio trigger: 'Hello, how are you today?'
2025-09-05 07:31:14,810 - demo - INFO - Simulating audio trigger: 'What is the weather like?'
2025-09-05 07:31:24,811 - demo - INFO - Simulating audio trigger: 'Can you help me with something?'
2025-09-05 07:31:29,810 - demo - INFO - Stopping demo components...
2025-09-05 07:31:29,810 - demo - INFO - Mock Awareness Node stopped
2025-09-05 07:31:29,810 - demo - INFO - Demo Text UI stopped
